../Core/Src/main.c:126:6:HAL_UART_RxCpltCallback	16	static
../Core/Src/main.c:140:5:main	8	static
../Core/Src/main.c:250:6:SystemClock_Config	88	static
../Core/Src/main.c:297:13:MX_ADC1_Init	24	static
../Core/Src/main.c:344:13:MX_I2C1_Init	8	static
../Core/Src/main.c:378:13:MX_TIM2_Init	64	static
../Core/Src/main.c:437:13:MX_USART1_UART_Init	8	static
../Core/Src/main.c:470:13:MX_GPIO_Init	24	static
../Core/Src/main.c:497:6:StartReadTempTask	32	static
../Core/Src/main.c:541:6:StartUpdateLcdTask	48	static
../Core/Src/main.c:577:6:StartSendTempTask	88	static
../Core/Src/main.c:615:6:StartProcessCmdTask	128	static
../Core/Src/main.c:688:6:HAL_TIM_PeriodElapsedCallback	16	static
../Core/Src/main.c:706:6:Error_Handler	4	static,ignoring_inline_asm
