../Core/Src/main.c:129:5:main	8	static
../Core/Src/main.c:239:6:SystemClock_Config	88	static
../Core/Src/main.c:286:13:MX_ADC1_Init	24	static
../Core/Src/main.c:333:13:MX_I2C1_Init	8	static
../Core/Src/main.c:367:13:MX_TIM2_Init	64	static
../Core/Src/main.c:426:13:MX_USART1_UART_Init	8	static
../Core/Src/main.c:459:13:MX_GPIO_Init	24	static
../Core/Src/main.c:476:6:HAL_UART_RxCpltCallback	16	static
../Core/Src/main.c:492:6:StartReadTempTask	32	static
../Core/Src/main.c:527:6:StartUpdateLcdTask	56	static
../Core/Src/main.c:571:6:StartSendTempTask	96	static
../Core/Src/main.c:610:6:StartProcessCmdTask	128	static
../Core/Src/main.c:691:6:HAL_TIM_PeriodElapsedCallback	16	static
../Core/Src/main.c:709:6:Error_Handler	4	static,ignoring_inline_asm
